Category: 📺央视频道, Name: CCTV-2, Total: 12, Valid: 12, Valid Percent: 100.00%, Whitelist: 0, IPv4: 12, IPv6: 0, Min Delay: 582 ms, Max Speed: 3.16 M/s, Avg Speed: 1.78 M/s, Max Resolution: 1920x1080
Category: 📺央视频道, Name: CCTV-3, Total: 8, Valid: 8, Valid Percent: 100.00%, Whitelist: 0, IPv4: 8, IPv6: 0, Min Delay: 62 ms, Max Speed: 68.46 M/s, Avg Speed: 19.05 M/s, Max Resolution: 1920x1080
Category: 📺央视频道, Name: CCTV-4, Total: 12, Valid: 12, Valid Percent: 100.00%, Whitelist: 0, IPv4: 10, IPv6: 2, Min Delay: 62 ms, Max Speed: 68.46 M/s, Avg Speed: 29.70 M/s, Max Resolution: 1920x1080
Category: 📺央视频道, Name: CCTV-5, Total: 20, Valid: 20, Valid Percent: 100.00%, Whitelist: 0, IPv4: 20, IPv6: 0, Min Delay: 62 ms, Max Speed: 68.46 M/s, Avg Speed: 19.23 M/s, Max Resolution: 1920x1080
Category: 📺央视频道, Name: CCTV-5+, Total: 5, Valid: 5, Valid Percent: 100.00%, Whitelist: 0, IPv4: 5, IPv6: 0, Min Delay: 587 ms, Max Speed: 4.46 M/s, Avg Speed: 3.19 M/s, Max Resolution: 1920x1080
Category: 📺央视频道, Name: CCTV-6, Total: 20, Valid: 20, Valid Percent: 100.00%, Whitelist: 0, IPv4: 20, IPv6: 0, Min Delay: 62 ms, Max Speed: 68.46 M/s, Avg Speed: 26.13 M/s, Max Resolution: 1920x1080
Category: 📺央视频道, Name: CCTV-7, Total: 26, Valid: 26, Valid Percent: 100.00%, Whitelist: 0, IPv4: 26, IPv6: 0, Min Delay: 62 ms, Max Speed: 68.46 M/s, Avg Speed: 20.89 M/s, Max Resolution: 1920x1080
Category: 📺央视频道, Name: CCTV-8, Total: 28, Valid: 28, Valid Percent: 100.00%, Whitelist: 0, IPv4: 28, IPv6: 0, Min Delay: 62 ms, Max Speed: 68.46 M/s, Avg Speed: 17.27 M/s, Max Resolution: 1920x1080
Category: 📺央视频道, Name: CCTV-9, Total: 25, Valid: 25, Valid Percent: 100.00%, Whitelist: 0, IPv4: 25, IPv6: 0, Min Delay: 62 ms, Max Speed: 68.46 M/s, Avg Speed: 21.26 M/s, Max Resolution: 1920x1080
Category: 📺央视频道, Name: CCTV-10, Total: 29, Valid: 29, Valid Percent: 100.00%, Whitelist: 0, IPv4: 29, IPv6: 0, Min Delay: 62 ms, Max Speed: 68.46 M/s, Avg Speed: 18.48 M/s, Max Resolution: 1920x1080
Category: 📺央视频道, Name: CCTV-11, Total: 23, Valid: 23, Valid Percent: 100.00%, Whitelist: 0, IPv4: 23, IPv6: 0, Min Delay: 62 ms, Max Speed: 68.46 M/s, Avg Speed: 20.13 M/s, Max Resolution: 1920x1080
Category: 📺央视频道, Name: CCTV-12, Total: 23, Valid: 23, Valid Percent: 100.00%, Whitelist: 0, IPv4: 23, IPv6: 0, Min Delay: 62 ms, Max Speed: 68.46 M/s, Avg Speed: 23.09 M/s, Max Resolution: 1920x1080
Category: 📺央视频道, Name: CCTV-13, Total: 20, Valid: 20, Valid Percent: 100.00%, Whitelist: 0, IPv4: 20, IPv6: 0, Min Delay: 62 ms, Max Speed: 68.46 M/s, Avg Speed: 26.10 M/s, Max Resolution: 1920x1080
Category: 📺央视频道, Name: CCTV-14, Total: 29, Valid: 29, Valid Percent: 100.00%, Whitelist: 0, IPv4: 26, IPv6: 3, Min Delay: 62 ms, Max Speed: 68.46 M/s, Avg Speed: 18.65 M/s, Max Resolution: 1920x1080
Category: 📺央视频道, Name: CCTV-15, Total: 26, Valid: 26, Valid Percent: 100.00%, Whitelist: 0, IPv4: 26, IPv6: 0, Min Delay: 62 ms, Max Speed: 68.46 M/s, Avg Speed: 20.70 M/s, Max Resolution: 1920x1080
Category: 📺央视频道, Name: CCTV-16, Total: 18, Valid: 18, Valid Percent: 100.00%, Whitelist: 0, IPv4: 18, IPv6: 0, Min Delay: 62 ms, Max Speed: 68.46 M/s, Avg Speed: 18.21 M/s, Max Resolution: 1920x1080
Category: 📺央视频道, Name: CCTV-17, Total: 21, Valid: 21, Valid Percent: 100.00%, Whitelist: 0, IPv4: 21, IPv6: 0, Min Delay: 62 ms, Max Speed: 68.46 M/s, Avg Speed: 25.27 M/s, Max Resolution: 1920x1080
Category: 📡卫视频道, Name: 广东卫视, Total: 18, Valid: 18, Valid Percent: 100.00%, Whitelist: 0, IPv4: 18, IPv6: 0, Min Delay: 62 ms, Max Speed: 68.46 M/s, Avg Speed: 28.49 M/s, Max Resolution: 1920x1080
Category: 📡卫视频道, Name: 浙江卫视, Total: 18, Valid: 18, Valid Percent: 100.00%, Whitelist: 0, IPv4: 18, IPv6: 0, Min Delay: 62 ms, Max Speed: 68.46 M/s, Avg Speed: 24.93 M/s, Max Resolution: 1920x1080
Category: 📡卫视频道, Name: 湖南卫视, Total: 26, Valid: 26, Valid Percent: 100.00%, Whitelist: 0, IPv4: 26, IPv6: 0, Min Delay: 62 ms, Max Speed: 68.46 M/s, Avg Speed: 21.86 M/s, Max Resolution: 3840x2160
Category: 📡卫视频道, Name: 北京卫视, Total: 18, Valid: 18, Valid Percent: 100.00%, Whitelist: 0, IPv4: 18, IPv6: 0, Min Delay: 62 ms, Max Speed: 68.46 M/s, Avg Speed: 24.88 M/s, Max Resolution: 1920x1080
Category: 📡卫视频道, Name: 湖北卫视, Total: 17, Valid: 17, Valid Percent: 100.00%, Whitelist: 0, IPv4: 17, IPv6: 0, Min Delay: 62 ms, Max Speed: 68.46 M/s, Avg Speed: 30.30 M/s, Max Resolution: 1920x1080
Category: 📡卫视频道, Name: 黑龙江卫视, Total: 20, Valid: 20, Valid Percent: 100.00%, Whitelist: 0, IPv4: 20, IPv6: 0, Min Delay: 62 ms, Max Speed: 68.46 M/s, Avg Speed: 25.70 M/s, Max Resolution: 1920x1080
Category: 📡卫视频道, Name: 安徽卫视, Total: 19, Valid: 19, Valid Percent: 100.00%, Whitelist: 0, IPv4: 19, IPv6: 0, Min Delay: 62 ms, Max Speed: 68.46 M/s, Avg Speed: 27.20 M/s, Max Resolution: 1920x1080
Category: 📡卫视频道, Name: 重庆卫视, Total: 20, Valid: 20, Valid Percent: 100.00%, Whitelist: 0, IPv4: 20, IPv6: 0, Min Delay: 62 ms, Max Speed: 68.46 M/s, Avg Speed: 29.23 M/s, Max Resolution: 1920x1080
Category: 📡卫视频道, Name: 东方卫视, Total: 22, Valid: 22, Valid Percent: 100.00%, Whitelist: 0, IPv4: 22, IPv6: 0, Min Delay: 62 ms, Max Speed: 68.46 M/s, Avg Speed: 28.25 M/s, Max Resolution: 1920x1080
Category: 📡卫视频道, Name: 东南卫视, Total: 21, Valid: 19, Valid Percent: 90.48%, Whitelist: 0, IPv4: 21, IPv6: 0, Min Delay: 62 ms, Max Speed: 68.46 M/s, Avg Speed: 33.91 M/s, Max Resolution: 1920x1080
Category: 📡卫视频道, Name: 甘肃卫视, Total: 11, Valid: 11, Valid Percent: 100.00%, Whitelist: 0, IPv4: 11, IPv6: 0, Min Delay: 62 ms, Max Speed: 68.46 M/s, Avg Speed: 45.21 M/s, Max Resolution: 1920x1080
Category: 📡卫视频道, Name: 广西卫视, Total: 21, Valid: 20, Valid Percent: 95.24%, Whitelist: 0, IPv4: 21, IPv6: 0, Min Delay: 62 ms, Max Speed: 68.46 M/s, Avg Speed: 32.19 M/s, Max Resolution: 1920x1080
Category: 📡卫视频道, Name: 贵州卫视, Total: 21, Valid: 20, Valid Percent: 95.24%, Whitelist: 0, IPv4: 21, IPv6: 0, Min Delay: 62 ms, Max Speed: 68.46 M/s, Avg Speed: 35.87 M/s, Max Resolution: 1920x1080
Category: 📡卫视频道, Name: 海南卫视, Total: 14, Valid: 14, Valid Percent: 100.00%, Whitelist: 0, IPv4: 14, IPv6: 0, Min Delay: 62 ms, Max Speed: 68.46 M/s, Avg Speed: 34.93 M/s, Max Resolution: 1920x1080
Category: 📡卫视频道, Name: 河北卫视, Total: 22, Valid: 21, Valid Percent: 95.45%, Whitelist: 0, IPv4: 22, IPv6: 0, Min Delay: 62 ms, Max Speed: 68.46 M/s, Avg Speed: 31.09 M/s, Max Resolution: 1920x1080
Category: 📡卫视频道, Name: 河南卫视, Total: 23, Valid: 22, Valid Percent: 95.65%, Whitelist: 0, IPv4: 23, IPv6: 0, Min Delay: 62 ms, Max Speed: 68.46 M/s, Avg Speed: 32.83 M/s, Max Resolution: 1920x1080
Category: 📡卫视频道, Name: 吉林卫视, Total: 15, Valid: 15, Valid Percent: 100.00%, Whitelist: 0, IPv4: 15, IPv6: 0, Min Delay: 62 ms, Max Speed: 68.46 M/s, Avg Speed: 29.55 M/s, Max Resolution: 1920x1080
Category: 📡卫视频道, Name: 江苏卫视, Total: 22, Valid: 21, Valid Percent: 95.45%, Whitelist: 0, IPv4: 22, IPv6: 0, Min Delay: 62 ms, Max Speed: 68.46 M/s, Avg Speed: 26.34 M/s, Max Resolution: 1920x1080
Category: 📡卫视频道, Name: 江西卫视, Total: 21, Valid: 21, Valid Percent: 100.00%, Whitelist: 0, IPv4: 21, IPv6: 0, Min Delay: 62 ms, Max Speed: 68.46 M/s, Avg Speed: 24.49 M/s, Max Resolution: 1920x1080
Category: 📡卫视频道, Name: 辽宁卫视, Total: 24, Valid: 23, Valid Percent: 95.83%, Whitelist: 0, IPv4: 24, IPv6: 0, Min Delay: 62 ms, Max Speed: 68.46 M/s, Avg Speed: 25.46 M/s, Max Resolution: 1920x1080
Category: 📡卫视频道, Name: 内蒙古卫视, Total: 15, Valid: 15, Valid Percent: 100.00%, Whitelist: 0, IPv4: 14, IPv6: 1, Min Delay: 62 ms, Max Speed: 68.46 M/s, Avg Speed: 24.96 M/s, Max Resolution: 1920x1080
Category: 📡卫视频道, Name: 宁夏卫视, Total: 13, Valid: 13, Valid Percent: 100.00%, Whitelist: 0, IPv4: 13, IPv6: 0, Min Delay: 62 ms, Max Speed: 68.46 M/s, Avg Speed: 34.15 M/s, Max Resolution: 1920x1080
Category: 📡卫视频道, Name: 青海卫视, Total: 21, Valid: 21, Valid Percent: 100.00%, Whitelist: 0, IPv4: 19, IPv6: 2, Min Delay: 62 ms, Max Speed: 68.46 M/s, Avg Speed: 28.12 M/s, Max Resolution: 1920x1080
Category: 📡卫视频道, Name: 山东卫视, Total: 19, Valid: 19, Valid Percent: 100.00%, Whitelist: 0, IPv4: 19, IPv6: 0, Min Delay: 62 ms, Max Speed: 68.46 M/s, Avg Speed: 27.25 M/s, Max Resolution: 1920x1080
Category: 📡卫视频道, Name: 山西卫视, Total: 12, Valid: 12, Valid Percent: 100.00%, Whitelist: 0, IPv4: 12, IPv6: 0, Min Delay: 62 ms, Max Speed: 68.46 M/s, Avg Speed: 30.95 M/s, Max Resolution: 1920x1080
Category: 📡卫视频道, Name: 陕西卫视, Total: 12, Valid: 12, Valid Percent: 100.00%, Whitelist: 0, IPv4: 12, IPv6: 0, Min Delay: 62 ms, Max Speed: 68.46 M/s, Avg Speed: 20.09 M/s, Max Resolution: 1920x1080
Category: 📡卫视频道, Name: 四川卫视, Total: 25, Valid: 25, Valid Percent: 100.00%, Whitelist: 0, IPv4: 25, IPv6: 0, Min Delay: 62 ms, Max Speed: 68.46 M/s, Avg Speed: 28.78 M/s, Max Resolution: 1920x1080
Category: 📡卫视频道, Name: 深圳卫视, Total: 30, Valid: 29, Valid Percent: 96.67%, Whitelist: 0, IPv4: 30, IPv6: 0, Min Delay: 62 ms, Max Speed: 68.46 M/s, Avg Speed: 17.96 M/s, Max Resolution: 1920x1080
Category: 📡卫视频道, Name: 三沙卫视, Total: 11, Valid: 11, Valid Percent: 100.00%, Whitelist: 0, IPv4: 11, IPv6: 0, Min Delay: 62 ms, Max Speed: 68.46 M/s, Avg Speed: 39.33 M/s, Max Resolution: 1920x1080
Category: 📡卫视频道, Name: 天津卫视, Total: 20, Valid: 19, Valid Percent: 95.00%, Whitelist: 0, IPv4: 20, IPv6: 0, Min Delay: 62 ms, Max Speed: 68.46 M/s, Avg Speed: 23.37 M/s, Max Resolution: 1920x1080
Category: 📡卫视频道, Name: 西藏卫视, Total: 18, Valid: 18, Valid Percent: 100.00%, Whitelist: 0, IPv4: 16, IPv6: 2, Min Delay: 62 ms, Max Speed: 68.46 M/s, Avg Speed: 20.41 M/s, Max Resolution: 1920x1080
Category: 📡卫视频道, Name: 新疆卫视, Total: 21, Valid: 21, Valid Percent: 100.00%, Whitelist: 0, IPv4: 20, IPv6: 1, Min Delay: 62 ms, Max Speed: 68.46 M/s, Avg Speed: 17.98 M/s, Max Resolution: 1920x1080
Category: 📡卫视频道, Name: 云南卫视, Total: 24, Valid: 24, Valid Percent: 100.00%, Whitelist: 0, IPv4: 23, IPv6: 1, Min Delay: 62 ms, Max Speed: 68.46 M/s, Avg Speed: 27.07 M/s, Max Resolution: 1920x1080
